<testsuites id="" name="" tests="3" failures="0" skipped="0" errors="0" time="5.822858999999999">
<testsuite name="reporters.spec.ts" timestamp="2026-05-16T16:08:58.970Z" hostname="chromium" tests="3" failures="0" skipped="0" time="10.167" errors="0">
<testcase name="logo test" classname="reporters.spec.ts" time="2.853">
</testcase>
<testcase name="title test" classname="reporters.spec.ts" time="3.295">
</testcase>
<testcase name="search test" classname="reporters.spec.ts" time="4.019">
</testcase>
</testsuite>
</testsuites>